03-15 11:17:46.525 14033 14033 V ActivityScenario: Activity lifecycle changed event received but ignored because the intent does not match. startActivityIntent=Intent { act=android.intent.action.MAIN cat=[android.intent.category.LAUNCHER] cmp=com.example.lunchtray/.MainActivity }, activity.getIntent()=Intent { act=android.intent.action.MAIN cat=[android.intent.category.LAUNCHER] cmp=com.example.lunchtray/androidx.fragment.app.testing.FragmentScenario$EmptyFragmentActivity (has extras) }, activity=androidx.fragment.app.testing.FragmentScenario$EmptyFragmentActivity@523af1e
03-15 11:17:46.525 14033 14033 D LifecycleMonitor: callback completes: androidx.test.core.app.ActivityScenario$1@943f013
03-15 11:17:46.525 14033 14033 D LifecycleMonitor: running callback: androidx.test.core.app.ActivityScenario$1@93d97fc
03-15 11:17:46.525 14033 14033 V ActivityScenario: Activity lifecycle changed event received but ignored because the intent does not match. startActivityIntent=Intent { act=android.intent.action.MAIN cat=[android.intent.category.LAUNCHER] cmp=com.example.lunchtray/.MainActivity }, activity.getIntent()=Intent { act=android.intent.action.MAIN cat=[android.intent.category.LAUNCHER] cmp=com.example.lunchtray/androidx.fragment.app.testing.FragmentScenario$EmptyFragmentActivity (has extras) }, activity=androidx.fragment.app.testing.FragmentScenario$EmptyFragmentActivity@523af1e
03-15 11:17:46.525 14033 14033 D LifecycleMonitor: callback completes: androidx.test.core.app.ActivityScenario$1@93d97fc
03-15 11:17:46.525 14033 14033 D LifecycleMonitor: running callback: androidx.test.core.app.ActivityScenario$1@ea9fc16
03-15 11:17:46.525 14033 14033 V ActivityScenario: Update currentActivityStage to CREATED, currentActivity=androidx.fragment.app.testing.FragmentScenario$EmptyFragmentActivity@523af1e
03-15 11:17:46.525 14033 14033 D LifecycleMonitor: callback completes: androidx.test.core.app.ActivityScenario$1@ea9fc16
03-15 11:17:46.525 14033 14033 D LifecycleMonitor: running callback: androidx.test.core.app.ActivityScenario$1@e902746
03-15 11:17:46.525 14033 14033 V ActivityScenario: Activity lifecycle changed event received but ignored because the intent does not match. startActivityIntent=Intent { act=android.intent.action.MAIN cat=[android.intent.category.LAUNCHER] cmp=com.example.lunchtray/.MainActivity }, activity.getIntent()=Intent { act=android.intent.action.MAIN cat=[android.intent.category.LAUNCHER] cmp=com.example.lunchtray/androidx.fragment.app.testing.FragmentScenario$EmptyFragmentActivity (has extras) }, activity=androidx.fragment.app.testing.FragmentScenario$EmptyFragmentActivity@523af1e
03-15 11:17:46.525 14033 14033 D LifecycleMonitor: callback completes: androidx.test.core.app.ActivityScenario$1@e902746
03-15 11:17:46.525 14033 14033 D LifecycleMonitor: running callback: androidx.test.core.app.ActivityScenario$1@3cd5434
03-15 11:17:46.525 14033 14033 V ActivityScenario: Update currentActivityStage to CREATED, currentActivity=androidx.fragment.app.testing.FragmentScenario$EmptyFragmentActivity@523af1e
03-15 11:17:46.525 14033 14033 D LifecycleMonitor: callback completes: androidx.test.core.app.ActivityScenario$1@3cd5434
03-15 11:17:46.526 14033 14033 D LifecycleMonitor: Lifecycle status change: androidx.fragment.app.testing.FragmentScenario$EmptyFragmentActivity@523af1e in: STARTED
03-15 11:17:46.526 14033 14033 D LifecycleMonitor: running callback: androidx.test.core.app.ActivityScenario$1@514c5cc
03-15 11:17:46.526 14033 14033 V ActivityScenario: Activity lifecycle changed event received but ignored because the intent does not match. startActivityIntent=Intent { act=android.intent.action.MAIN cat=[android.intent.category.LAUNCHER] cmp=com.example.lunchtray/.MainActivity }, activity.getIntent()=Intent { act=android.intent.action.MAIN cat=[android.intent.category.LAUNCHER] cmp=com.example.lunchtray/androidx.fragment.app.testing.FragmentScenario$EmptyFragmentActivity (has extras) }, activity=androidx.fragment.app.testing.FragmentScenario$EmptyFragmentActivity@523af1e
03-15 11:17:46.526 14033 14033 D LifecycleMonitor: callback completes: androidx.test.core.app.ActivityScenario$1@514c5cc
03-15 11:17:46.526 14033 14033 D LifecycleMonitor: running callback: androidx.test.core.app.ActivityScenario$1@2abdc68
03-15 11:17:46.526 14033 14033 V ActivityScenario: Activity lifecycle changed event received but ignored because the intent does not match. startActivityIntent=Intent { act=android.intent.action.MAIN cat=[android.intent.category.LAUNCHER] cmp=com.example.lunchtray/.MainActivity }, activity.getIntent()=Intent { act=android.intent.action.MAIN cat=[android.intent.category.LAUNCHER] cmp=com.example.lunchtray/androidx.fragment.app.testing.FragmentScenario$EmptyFragmentActivity (has extras) }, activity=androidx.fragment.app.testing.FragmentScenario$EmptyFragmentActivity@523af1e
03-15 11:17:46.526 14033 14033 D LifecycleMonitor: callback completes: androidx.test.core.app.ActivityScenario$1@2abdc68
03-15 11:17:46.526 14033 14033 D LifecycleMonitor: running callback: androidx.test.core.app.ActivityScenario$1@355dded
03-15 11:17:46.526 14033 14033 V ActivityScenario: Activity lifecycle changed event received but ignored because the intent does not match. startActivityIntent=Intent { act=android.intent.action.MAIN cat=[android.intent.category.LAUNCHER] cmp=com.example.lunchtray/.MainActivity }, activity.getIntent()=Intent { act=android.intent.action.MAIN cat=[android.intent.category.LAUNCHER] cmp=com.example.lunchtray/androidx.fragment.app.testing.FragmentScenario$EmptyFragmentActivity (has extras) }, activity=androidx.fragment.app.testing.FragmentScenario$EmptyFragmentActivity@523af1e
03-15 11:17:46.526 14033 14033 D LifecycleMonitor: callback completes: androidx.test.core.app.ActivityScenario$1@355dded
03-15 11:17:46.526 14033 14033 D LifecycleMonitor: running callback: androidx.test.core.app.ActivityScenario$1@943f013
03-15 11:17:46.526 14033 14033 V ActivityScenario: Activity lifecycle changed event received but ignored because the intent does not match. startActivityIntent=Intent { act=android.intent.action.MAIN cat=[android.intent.category.LAUNCHER] cmp=com.example.lunchtray/.MainActivity }, activity.getIntent()=Intent { act=android.intent.action.MAIN cat=[android.intent.category.LAUNCHER] cmp=com.example.lunchtray/androidx.fragment.app.testing.FragmentScenario$EmptyFragmentActivity (has extras) }, activity=androidx.fragment.app.testing.FragmentScenario$EmptyFragmentActivity@523af1e
03-15 11:17:46.526 14033 14033 D LifecycleMonitor: callback completes: androidx.test.core.app.ActivityScenario$1@943f013
03-15 11:17:46.526 14033 14033 D LifecycleMonitor: running callback: androidx.test.core.app.ActivityScenario$1@93d97fc
03-15 11:17:46.526 14033 14033 V ActivityScenario: Activity lifecycle changed event received but ignored because the intent does not match. startActivityIntent=Intent { act=android.intent.action.MAIN cat=[android.intent.category.LAUNCHER] cmp=com.example.lunchtray/.MainActivity }, activity.getIntent()=Intent { act=android.intent.action.MAIN cat=[android.intent.category.LAUNCHER] cmp=com.example.lunchtray/androidx.fragment.app.testing.FragmentScenario$EmptyFragmentActivity (has extras) }, activity=androidx.fragment.app.testing.FragmentScenario$EmptyFragmentActivity@523af1e
03-15 11:17:46.526 14033 14033 D LifecycleMonitor: callback completes: androidx.test.core.app.ActivityScenario$1@93d97fc
03-15 11:17:46.526 14033 14033 D LifecycleMonitor: running callback: androidx.test.core.app.ActivityScenario$1@ea9fc16
03-15 11:17:46.526 14033 14033 V ActivityScenario: Update currentActivityStage to STARTED, currentActivity=androidx.fragment.app.testing.FragmentScenario$EmptyFragmentActivity@523af1e
03-15 11:17:46.526 14033 14033 D LifecycleMonitor: callback completes: androidx.test.core.app.ActivityScenario$1@ea9fc16
03-15 11:17:46.527 14033 14033 D LifecycleMonitor: running callback: androidx.test.core.app.ActivityScenario$1@e902746
03-15 11:17:46.527 14033 14033 V ActivityScenario: Activity lifecycle changed event received but ignored because the intent does not match. startActivityIntent=Intent { act=android.intent.action.MAIN cat=[android.intent.category.LAUNCHER] cmp=com.example.lunchtray/.MainActivity }, activity.getIntent()=Intent { act=android.intent.action.MAIN cat=[android.intent.category.LAUNCHER] cmp=com.example.lunchtray/androidx.fragment.app.testing.FragmentScenario$EmptyFragmentActivity (has extras) }, activity=androidx.fragment.app.testing.FragmentScenario$EmptyFragmentActivity@523af1e
03-15 11:17:46.527 14033 14033 D LifecycleMonitor: callback completes: androidx.test.core.app.ActivityScenario$1@e902746
03-15 11:17:46.527 14033 14033 D LifecycleMonitor: running callback: androidx.test.core.app.ActivityScenario$1@3cd5434
03-15 11:17:46.527 14033 14033 V ActivityScenario: Update currentActivityStage to STARTED, currentActivity=androidx.fragment.app.testing.FragmentScenario$EmptyFragmentActivity@523af1e
03-15 11:17:46.527 14033 14033 D LifecycleMonitor: callback completes: androidx.test.core.app.ActivityScenario$1@3cd5434
03-15 11:17:46.527 14033 14033 D LifecycleMonitor: Lifecycle status change: androidx.fragment.app.testing.FragmentScenario$EmptyFragmentActivity@523af1e in: RESUMED
03-15 11:17:46.527 14033 14033 D LifecycleMonitor: running callback: androidx.test.core.app.ActivityScenario$1@514c5cc
03-15 11:17:46.527 14033 14033 V ActivityScenario: Activity lifecycle changed event received but ignored because the intent does not match. startActivityIntent=Intent { act=android.intent.action.MAIN cat=[android.intent.category.LAUNCHER] cmp=com.example.lunchtray/.MainActivity }, activity.getIntent()=Intent { act=android.intent.action.MAIN cat=[android.intent.category.LAUNCHER] cmp=com.example.lunchtray/androidx.fragment.app.testing.FragmentScenario$EmptyFragmentActivity (has extras) }, activity=androidx.fragment.app.testing.FragmentScenario$EmptyFragmentActivity@523af1e
03-15 11:17:46.527 14033 14033 D LifecycleMonitor: callback completes: androidx.test.core.app.ActivityScenario$1@514c5cc
03-15 11:17:46.527 14033 14033 D LifecycleMonitor: running callback: androidx.test.core.app.ActivityScenario$1@2abdc68
03-15 11:17:46.527 14033 14033 V ActivityScenario: Activity lifecycle changed event received but ignored because the intent does not match. startActivityIntent=Intent { act=android.intent.action.MAIN cat=[android.intent.category.LAUNCHER] cmp=com.example.lunchtray/.MainActivity }, activity.getIntent()=Intent { act=android.intent.action.MAIN cat=[android.intent.category.LAUNCHER] cmp=com.example.lunchtray/androidx.fragment.app.testing.FragmentScenario$EmptyFragmentActivity (has extras) }, activity=androidx.fragment.app.testing.FragmentScenario$EmptyFragmentActivity@523af1e
03-15 11:17:46.527 14033 14033 D LifecycleMonitor: callback completes: androidx.test.core.app.ActivityScenario$1@2abdc68
03-15 11:17:46.527 14033 14033 D LifecycleMonitor: running callback: androidx.test.core.app.ActivityScenario$1@355dded
03-15 11:17:46.527 14033 14033 V ActivityScenario: Activity lifecycle changed event received but ignored because the intent does not match. startActivityIntent=Intent { act=android.intent.action.MAIN cat=[android.intent.category.LAUNCHER] cmp=com.example.lunchtray/.MainActivity }, activity.getIntent()=Intent { act=android.intent.action.MAIN cat=[android.intent.category.LAUNCHER] cmp=com.example.lunchtray/androidx.fragment.app.testing.FragmentScenario$EmptyFragmentActivity (has extras) }, activity=androidx.fragment.app.testing.FragmentScenario$EmptyFragmentActivity@523af1e
03-15 11:17:46.527 14033 14033 D LifecycleMonitor: callback completes: androidx.test.core.app.ActivityScenario$1@355dded
03-15 11:17:46.527 14033 14033 D LifecycleMonitor: running callback: androidx.test.core.app.ActivityScenario$1@943f013
03-15 11:17:46.527 14033 14033 V ActivityScenario: Activity lifecycle changed event received but ignored because the intent does not match. startActivityIntent=Intent { act=android.intent.action.MAIN cat=[android.intent.category.LAUNCHER] cmp=com.example.lunchtray/.MainActivity }, activity.getIntent()=Intent { act=android.intent.action.MAIN cat=[android.intent.category.LAUNCHER] cmp=com.example.lunchtray/androidx.fragment.app.testing.FragmentScenario$EmptyFragmentActivity (has extras) }, activity=androidx.fragment.app.testing.FragmentScenario$EmptyFragmentActivity@523af1e
03-15 11:17:46.527 14033 14033 D LifecycleMonitor: callback completes: androidx.test.core.app.ActivityScenario$1@943f013
03-15 11:17:46.527 14033 14033 D LifecycleMonitor: running callback: androidx.test.core.app.ActivityScenario$1@93d97fc
03-15 11:17:46.527 14033 14033 V ActivityScenario: Activity lifecycle changed event received but ignored because the intent does not match. startActivityIntent=Intent { act=android.intent.action.MAIN cat=[android.intent.category.LAUNCHER] cmp=com.example.lunchtray/.MainActivity }, activity.getIntent()=Intent { act=android.intent.action.MAIN cat=[android.intent.category.LAUNCHER] cmp=com.example.lunchtray/androidx.fragment.app.testing.FragmentScenario$EmptyFragmentActivity (has extras) }, activity=androidx.fragment.app.testing.FragmentScenario$EmptyFragmentActivity@523af1e
03-15 11:17:46.527 14033 14033 D LifecycleMonitor: callback completes: androidx.test.core.app.ActivityScenario$1@93d97fc
03-15 11:17:46.527 14033 14033 D LifecycleMonitor: running callback: androidx.test.core.app.ActivityScenario$1@ea9fc16
03-15 11:17:46.527 14033 14033 V ActivityScenario: Update currentActivityStage to RESUMED, currentActivity=androidx.fragment.app.testing.FragmentScenario$EmptyFragmentActivity@523af1e
03-15 11:17:46.527 14033 14033 D LifecycleMonitor: callback completes: androidx.test.core.app.ActivityScenario$1@ea9fc16
03-15 11:17:46.527 14033 14033 D LifecycleMonitor: running callback: androidx.test.core.app.ActivityScenario$1@e902746
03-15 11:17:46.527 14033 14033 V ActivityScenario: Activity lifecycle changed event received but ignored because the intent does not match. startActivityIntent=Intent { act=android.intent.action.MAIN cat=[android.intent.category.LAUNCHER] cmp=com.example.lunchtray/.MainActivity }, activity.getIntent()=Intent { act=android.intent.action.MAIN cat=[android.intent.category.LAUNCHER] cmp=com.example.lunchtray/androidx.fragment.app.testing.FragmentScenario$EmptyFragmentActivity (has extras) }, activity=androidx.fragment.app.testing.FragmentScenario$EmptyFragmentActivity@523af1e
03-15 11:17:46.527 14033 14033 D LifecycleMonitor: callback completes: androidx.test.core.app.ActivityScenario$1@e902746
03-15 11:17:46.527 14033 14033 D LifecycleMonitor: running callback: androidx.test.core.app.ActivityScenario$1@3cd5434
03-15 11:17:46.527 14033 14033 V ActivityScenario: Update currentActivityStage to RESUMED, currentActivity=androidx.fragment.app.testing.FragmentScenario$EmptyFragmentActivity@523af1e
03-15 11:17:46.527 14033 14033 D LifecycleMonitor: callback completes: androidx.test.core.app.ActivityScenario$1@3cd5434
03-15 11:17:46.551   314   343 D goldfish-address-space: claimShared: Ask to claim region [0x3f8000000 0x3f9043000]
03-15 11:17:46.556   314   343 D goldfish-address-space: claimShared: Ask to claim region [0x3f9043000 0x3fa086000]
03-15 11:17:46.557   314   343 D goldfish-address-space: claimShared: Ask to claim region [0x3fa086000 0x3fb0c9000]
03-15 11:17:46.576   582   634 D ArtManagerInternalImpl: /data/misc/iorapd/com.example.lunchtray/1/androidx.fragment.app.testing.FragmentScenario$EmptyFragmentActivity/compiled_traces/compiled_trace.pb doesn't exist
03-15 11:17:46.578   582   627 D EventSequenceValidator: Transition from ACTIVITY_LAUNCHED to ACTIVITY_FINISHED
03-15 11:17:46.578   582   634 I ActivityTaskManager: Displayed com.example.lunchtray/androidx.fragment.app.testing.FragmentScenario$EmptyFragmentActivity: +78ms
03-15 11:17:46.595 14033 14033 D IdlingResourceRegistry: All idling resources are idle.
03-15 11:17:46.596 14033 14033 D LifecycleMonitor: Lifecycle status change: androidx.test.core.app.InstrumentationActivityInvoker$BootstrapActivity@a599b07 in: STOPPED
03-15 11:17:46.596 14033 14033 D LifecycleMonitor: running callback: androidx.test.core.app.ActivityScenario$1@514c5cc
03-15 11:17:46.596 14033 14033 V ActivityScenario: Activity lifecycle changed event received but ignored because the intent does not match. startActivityIntent=Intent { act=android.intent.action.MAIN cat=[android.intent.category.LAUNCHER] cmp=com.example.lunchtray/.MainActivity }, activity.getIntent()=Intent { act=android.intent.action.MAIN cat=[android.intent.category.LAUNCHER] flg=0x10008000 cmp=com.example.lunchtray/androidx.test.core.app.InstrumentationActivityInvoker$BootstrapActivity (has extras) }, activity=androidx.test.core.app.InstrumentationActivityInvoker$BootstrapActivity@a599b07
03-15 11:17:46.596 14033 14033 D LifecycleMonitor: callback completes: androidx.test.core.app.ActivityScenario$1@514c5cc
03-15 11:17:46.596 14033 14033 D LifecycleMonitor: running callback: androidx.test.core.app.ActivityScenario$1@2abdc68
03-15 11:17:46.596 14033 14033 V ActivityScenario: Activity lifecycle changed event received but ignored because the intent does not match. startActivityIntent=Intent { act=android.intent.action.MAIN cat=[android.intent.category.LAUNCHER] cmp=com.example.lunchtray/.MainActivity }, activity.getIntent()=Intent { act=android.intent.action.MAIN cat=[android.intent.category.LAUNCHER] flg=0x10008000 cmp=com.example.lunchtray/androidx.test.core.app.InstrumentationActivityInvoker$BootstrapActivity (has extras) }, activity=androidx.test.core.app.InstrumentationActivityInvoker$BootstrapActivity@a599b07
03-15 11:17:46.596 14033 14033 D LifecycleMonitor: callback completes: androidx.test.core.app.ActivityScenario$1@2abdc68
03-15 11:17:46.596 14033 14033 D LifecycleMonitor: running callback: androidx.test.core.app.ActivityScenario$1@355dded
03-15 11:17:46.596 14033 14033 V ActivityScenario: Activity lifecycle changed event received but ignored because the intent does not match. startActivityIntent=Intent { act=android.intent.action.MAIN cat=[android.intent.category.LAUNCHER] cmp=com.example.lunchtray/.MainActivity }, activity.getIntent()=Intent { act=android.intent.action.MAIN cat=[android.intent.category.LAUNCHER] flg=0x10008000 cmp=com.example.lunchtray/androidx.test.core.app.InstrumentationActivityInvoker$BootstrapActivity (has extras) }, activity=androidx.test.core.app.InstrumentationActivityInvoker$BootstrapActivity@a599b07
03-15 11:17:46.596 14033 14033 D LifecycleMonitor: callback completes: androidx.test.core.app.ActivityScenario$1@355dded
03-15 11:17:46.596 14033 14033 D LifecycleMonitor: running callback: androidx.test.core.app.ActivityScenario$1@943f013
03-15 11:17:46.596 14033 14033 V ActivityScenario: Activity lifecycle changed event received but ignored because the intent does not match. startActivityIntent=Intent { act=android.intent.action.MAIN cat=[android.intent.category.LAUNCHER] cmp=com.example.lunchtray/.MainActivity }, activity.getIntent()=Intent { act=android.intent.action.MAIN cat=[android.intent.category.LAUNCHER] flg=0x10008000 cmp=com.example.lunchtray/androidx.test.core.app.InstrumentationActivityInvoker$BootstrapActivity (has extras) }, activity=androidx.test.core.app.InstrumentationActivityInvoker$BootstrapActivity@a599b07
03-15 11:17:46.605 14033 14033 D LifecycleMonitor: callback completes: androidx.test.core.app.ActivityScenario$1@943f013
03-15 11:17:46.605 14033 14033 D LifecycleMonitor: running callback: androidx.test.core.app.ActivityScenario$1@93d97fc
03-15 11:17:46.605 14033 14033 V ActivityScenario: Activity lifecycle changed event received but ignored because the intent does not match. startActivityIntent=Intent { act=android.intent.action.MAIN cat=[android.intent.category.LAUNCHER] cmp=com.example.lunchtray/.MainActivity }, activity.getIntent()=Intent { act=android.intent.action.MAIN cat=[android.intent.category.LAUNCHER] flg=0x10008000 cmp=com.example.lunchtray/androidx.test.core.app.InstrumentationActivityInvoker$BootstrapActivity (has extras) }, activity=androidx.test.core.app.InstrumentationActivityInvoker$BootstrapActivity@a599b07
03-15 11:17:46.605 14033 14033 D LifecycleMonitor: callback completes: androidx.test.core.app.ActivityScenario$1@93d97fc
03-15 11:17:46.605 14033 14033 D LifecycleMonitor: running callback: androidx.test.core.app.ActivityScenario$1@ea9fc16
03-15 11:17:46.605 14033 14033 V ActivityScenario: Activity lifecycle changed event received but ignored because the intent does not match. startActivityIntent=Intent { act=android.intent.action.MAIN cat=[android.intent.category.LAUNCHER] cmp=com.example.lunchtray/androidx.fragment.app.testing.FragmentScenario$EmptyFragmentActivity (has extras) }, activity.getIntent()=Intent { act=android.intent.action.MAIN cat=[android.intent.category.LAUNCHER] flg=0x10008000 cmp=com.example.lunchtray/androidx.test.core.app.InstrumentationActivityInvoker$BootstrapActivity (has extras) }, activity=androidx.test.core.app.InstrumentationActivityInvoker$BootstrapActivity@a599b07
03-15 11:17:46.605 14033 14033 D LifecycleMonitor: callback completes: androidx.test.core.app.ActivityScenario$1@ea9fc16
03-15 11:17:46.605 14033 14033 D LifecycleMonitor: running callback: androidx.test.core.app.ActivityScenario$1@e902746
03-15 11:17:46.605 14033 14033 V ActivityScenario: Activity lifecycle changed event received but ignored because the intent does not match. startActivityIntent=Intent { act=android.intent.action.MAIN cat=[android.intent.category.LAUNCHER] cmp=com.example.lunchtray/.MainActivity }, activity.getIntent()=Intent { act=android.intent.action.MAIN cat=[android.intent.category.LAUNCHER] flg=0x10008000 cmp=com.example.lunchtray/androidx.test.core.app.InstrumentationActivityInvoker$BootstrapActivity (has extras) }, activity=androidx.test.core.app.InstrumentationActivityInvoker$BootstrapActivity@a599b07
03-15 11:17:46.605 14033 14033 D LifecycleMonitor: callback completes: androidx.test.core.app.ActivityScenario$1@e902746
03-15 11:17:46.605 14033 14033 D LifecycleMonitor: running callback: androidx.test.core.app.ActivityScenario$1@3cd5434
03-15 11:17:46.606 14033 14033 V ActivityScenario: Activity lifecycle changed event received but ignored because the intent does not match. startActivityIntent=Intent { act=android.intent.action.MAIN cat=[android.intent.category.LAUNCHER] cmp=com.example.lunchtray/androidx.fragment.app.testing.FragmentScenario$EmptyFragmentActivity (has extras) }, activity.getIntent()=Intent { act=android.intent.action.MAIN cat=[android.intent.category.LAUNCHER] flg=0x10008000 cmp=com.example.lunchtray/androidx.test.core.app.InstrumentationActivityInvoker$BootstrapActivity (has extras) }, activity=androidx.test.core.app.InstrumentationActivityInvoker$BootstrapActivity@a599b07
03-15 11:17:46.606 14033 14033 D LifecycleMonitor: callback completes: androidx.test.core.app.ActivityScenario$1@3cd5434
03-15 11:17:46.634 14033 14033 D IdlingResourceRegistry: All idling resources are idle.
03-15 11:17:46.634 14033 14033 I ViewInteraction: Performing 'single click' action on view with id is <com.example.lunchtray:id/cauliflower>
03-15 11:17:46.636 14033 14033 D IdlingResourceRegistry: All idling resources are idle.
03-15 11:17:46.676 14033 14033 I chatty  : uid=10126(com.example.lunchtray) identical 12 lines
03-15 11:17:46.676 14033 14033 D IdlingResourceRegistry: All idling resources are idle.
03-15 11:17:46.683   582  7244 I system_server: oneway function results will be dropped but finished with status OK and parcel size 4
03-15 11:17:46.713 14033 14033 D IdlingResourceRegistry: All idling resources are idle.
03-15 11:17:46.713 14033 14033 D IdlingResourceRegistry: All idling resources are idle.
03-15 11:17:46.805   582  7244 I system_server: oneway function results will be dropped but finished with status OK and parcel size 4
03-15 11:17:46.863 14033 14033 D IdlingResourceRegistry: All idling resources are idle.
03-15 11:17:46.928 14033 14033 I chatty  : uid=10126(com.example.lunchtray) identical 4 lines
03-15 11:17:46.928 14033 14033 D IdlingResourceRegistry: All idling resources are idle.
03-15 11:17:46.929 14033 14033 I ViewInteraction: Checking 'MatchesViewAssertion{viewMatcher=with text: a string containing "Subtotal: $7.00"}' assertion on view with id is <com.example.lunchtray:id/subtotal>
03-15 11:17:46.930 14033 14033 D IdlingResourceRegistry: All idling resources are idle.
03-15 11:17:46.930 14033 14033 D IdlingResourceRegistry: All idling resources are idle.
03-15 11:17:46.930 14033 14033 I ViewInteraction: Performing 'single click' action on view with id is <com.example.lunchtray:id/chili>
03-15 11:17:46.932 14033 14033 D IdlingResourceRegistry: All idling resources are idle.
03-15 11:17:46.932 14033 14033 D IdlingResourceRegistry: All idling resources are idle.
03-15 11:17:46.940   395   395 I perfetto: probes_producer.cc:329  Producer stop (id=111)
03-15 11:17:46.941   401   401 I perfetto: ng_service_impl.cc:1948 Tracing session 111 ended, total sessions:2
03-15 11:17:46.944 14033 14033 D IdlingResourceRegistry: All idling resources are idle.
03-15 11:17:46.972 14033 14033 I chatty  : uid=10126(com.example.lunchtray) identical 10 lines
03-15 11:17:46.972 14033 14033 D IdlingResourceRegistry: All idling resources are idle.
03-15 11:17:46.983   582  7244 I system_server: oneway function results will be dropped but finished with status OK and parcel size 4
03-15 11:17:47.013 14033 14033 D IdlingResourceRegistry: All idling resources are idle.
03-15 11:17:47.014 14033 14033 D IdlingResourceRegistry: All idling resources are idle.
03-15 11:17:47.115   582  7244 I system_server: oneway function results will be dropped but finished with status OK and parcel size 4
03-15 11:17:47.164 14033 14033 D IdlingResourceRegistry: All idling resources are idle.
03-15 11:17:47.230 14033 14033 I chatty  : uid=10126(com.example.lunchtray) identical 4 lines
03-15 11:17:47.230 14033 14033 D IdlingResourceRegistry: All idling resources are idle.
03-15 11:17:47.230 14033 14033 I ViewInteraction: Checking 'MatchesViewAssertion{viewMatcher=with text: a string containing "Subtotal: $4.00"}' assertion on view with id is <com.example.lunchtray:id/subtotal>
03-15 11:17:47.231 14033 14033 D IdlingResourceRegistry: All idling resources are idle.
03-15 11:17:47.231 14033 14033 D IdlingResourceRegistry: All idling resources are idle.
03-15 11:17:47.231 14033 14033 I ViewInteraction: Performing 'single click' action on view with id is <com.example.lunchtray:id/pasta>
03-15 11:17:47.233 14033 14033 D IdlingResourceRegistry: All idling resources are idle.
03-15 11:17:47.273 14033 14033 I chatty  : uid=10126(com.example.lunchtray) identical 12 lines
03-15 11:17:47.273 14033 14033 D IdlingResourceRegistry: All idling resources are idle.
03-15 11:17:47.292   582  7244 I system_server: oneway function results will be dropped but finished with status OK and parcel size 4
03-15 11:17:47.315 14033 14033 D IdlingResourceRegistry: All idling resources are idle.
03-15 11:17:47.315 14033 14033 D IdlingResourceRegistry: All idling resources are idle.
03-15 11:17:47.425   582  7244 I system_server: oneway function results will be dropped but finished with status OK and parcel size 4
03-15 11:17:47.466 14033 14033 D IdlingResourceRegistry: All idling resources are idle.
03-15 11:17:47.532 14033 14033 I chatty  : uid=10126(com.example.lunchtray) identical 4 lines
03-15 11:17:47.532 14033 14033 D IdlingResourceRegistry: All idling resources are idle.
03-15 11:17:47.532 14033 14033 I ViewInteraction: Checking 'MatchesViewAssertion{viewMatcher=with text: a string containing "Subtotal: $5.50"}' assertion on view with id is <com.example.lunchtray:id/subtotal>
03-15 11:17:47.533 14033 14033 D IdlingResourceRegistry: All idling resources are idle.
03-15 11:17:47.533 14033 14033 D IdlingResourceRegistry: All idling resources are idle.
03-15 11:17:47.533 14033 14033 I ViewInteraction: Performing 'single click' action on view with id is <com.example.lunchtray:id/skillet>
03-15 11:17:47.534 14033 14033 D IdlingResourceRegistry: All idling resources are idle.
03-15 11:17:47.573 14033 14033 I chatty  : uid=10126(com.example.lunchtray) identical 10 lines
03-15 11:17:47.573 14033 14033 D IdlingResourceRegistry: All idling resources are idle.
03-15 11:17:47.583   582  4775 I system_server: oneway function results will be dropped but finished with status OK and parcel size 4
03-15 11:17:47.613 14033 14033 D IdlingResourceRegistry: All idling resources are idle.
03-15 11:17:47.614 14033 14033 D IdlingResourceRegistry: All idling resources are idle.
03-15 11:17:47.713   582  4775 I system_server: oneway function results will be dropped but finished with status OK and parcel size 4
03-15 11:17:47.764 14033 14033 D IdlingResourceRegistry: All idling resources are idle.
03-15 11:17:47.829 14033 14033 I chatty  : uid=10126(com.example.lunchtray) identical 4 lines
03-15 11:17:47.829 14033 14033 D IdlingResourceRegistry: All idling resources are idle.
03-15 11:17:47.830 14033 14033 I ViewInteraction: Checking 'MatchesViewAssertion{viewMatcher=with text: a string containing "Subtotal: $5.50"}' assertion on view with id is <com.example.lunchtray:id/subtotal>
03-15 11:17:47.830 14033 14055 I TestRunner: finished: radio_buttons_update_entree_menu_subtotal(com.example.lunchtray.OrderFunctionalityTests)
